// Jest Snapshot v1, https://goo.gl/fbAQLP

exports[`RadioButton renders correctly with default props 1`] = `
<View
  accessibilityState={
    {
      "busy": undefined,
      "checked": undefined,
      "disabled": undefined,
      "expanded": undefined,
      "selected": undefined,
    }
  }
  accessibilityValue={
    {
      "max": undefined,
      "min": undefined,
      "now": undefined,
      "text": undefined,
    }
  }
  accessible={true}
  collapsable={false}
  focusable={true}
  onClick={[Function]}
  onResponderGrant={[Function]}
  onResponderMove={[Function]}
  onResponderRelease={[Function]}
  onResponderTerminate={[Function]}
  onResponderTerminationRequest={[Function]}
  onStartShouldSetResponder={[Function]}
  style={
    {
      "backgroundColor": "#E8F2FB",
      "borderRadius": 6.153846153846153,
      "flexDirection": "row",
      "opacity": 1,
      "paddingLeft": 9.846153846153847,
      "paddingVertical": 9.846153846153847,
    }
  }
>
  <View
    style={
      [
        {
          "alignItems": "center",
          "borderColor": "#0171CD",
          "borderRadius": 12.307692307692307,
          "borderWidth": 1.2307692307692308,
          "height": 24.615384615384613,
          "justifyContent": "center",
          "width": 24.615384615384613,
        },
        null,
      ]
    }
  >
    <View
      style={
        [
          {
            "backgroundColor": "#0171CD",
            "borderRadius": 7.384615384615385,
            "height": 14.76923076923077,
            "width": 14.76923076923077,
          },
          null,
        ]
      }
    />
  </View>
  <View
    style={
      {
        "alignSelf": "center",
        "paddingLeft": 12.307692307692307,
      }
    }
  >
    <Text
      style={
        {
          "color": "#000",
          "textTransform": "capitalize",
        }
      }
    >
      Option 1
    </Text>
  </View>
</View>
`;
