// Jest Snapshot v1, https://goo.gl/fbAQLP

exports[`Container renders correctly with children 1`] = `
<RCTSafeAreaView
  style={
    {
      "flex": 1,
    }
  }
>
  <View
    style={
      {
        "backgroundColor": "FFFFFF",
        "flex": 0.7,
        "padding": 19.692307692307693,
      }
    }
  >
    <View
      testID="child-view"
    />
  </View>
</RCTSafeAreaView>
`;
